edits_0000000000000040219-0000000000000040221  edits_0000000000000041792-0000000000000041796  edits_0000000000000043414-0000000000000043418  edits_0000000000000045003-0000000000000045004 edits_0000000000000040222-0000000000000040228  edits_0000000000000041797-0000000000000041801  edits_0000000000000043419-0000000000000043420  edits_0000000000000045005-0000000000000045009 edits_0000000000000040229-0000000000000040233  edits_0000000000000041802-0000000000000041803  edits_0000000000000043421-0000000000000043425  edits_0000000000000045010-0000000000000045014 edits_0000000000000040234-0000000000000040237  edits_0000000000000041804-0000000000000041808  edits_0000000000000043426-0000000000000043430  edits_0000000000000045015-0000000000000045016 edits_0000000000000040238-0000000000000040240  edits_0000000000000041809-0000000000000041813  edits_0000000000000043431-0000000000000043432  edits_0000000000000045017-0000000000000045021 edits_0000000000000040241-0000000000000040245  edits_0000000000000041814-0000000000000041815  edits_0000000000000043433-0000000000000043437  edits_0000000000000045022-0000000000000045026 edits_0000000000000040246-0000000000000040250  edits_0000000000000041816-0000000000000041820  edits_0000000000000043438-0000000000000043442  edits_0000000000000045027-0000000000000045028 edits_0000000000000040251-0000000000000040252  edits_0000000000000041821-0000000000000041825  edits_0000000000000043443-0000000000000043444  edits_0000000000000045029-0000000000000045033 edits_0000000000000040253-0000000000000040257  edits_0000000000000041826-0000000000000041827  edits_0000000000000043445-0000000000000043449  edits_0000000000000045034-0000000000000045038 edits_0000000000000040258-0000000000000040262  edits_0000000000000041828-0000000000000041832  edits_0000000000000043450-0000000000000043454  edits_0000000000000045039-0000000000000045040 edits_0000000000000040263-0000000000000040264  edits_0000000000000041833-0000000000000041837  edits_0000000000000043455-0000000000000043456  edits_0000000000000045041-0000000000000045045 edits_0000000000000040265-0000000000000040269  edits_0000000000000041838-0000000000000041839  edits_0000000000000043457-0000000000000043461  edits_0000000000000045046-0000000000000045050 edits_0000000000000040270-0000000000000040274  edits_0000000000000041840-0000000000000041844  edits_0000000000000043462-0000000000000043466  edits_0000000000000045051-0000000000000045052 edits_0000000000000040275-0000000000000040276  edits_0000000000000041845-0000000000000041849  edits_0000000000000043467-0000000000000043468  edits_0000000000000045053-0000000000000045057 edits_0000000000000040277-0000000000000040281  edits_0000000000000041850-0000000000000041851  edits_0000000000000043469-0000000000000043473  edits_0000000000000045058-0000000000000045062 edits_0000000000000040282-0000000000000040286  edits_0000000000000041852-0000000000000041856  edits_0000000000000043474-0000000000000043478  edits_0000000000000045063-0000000000000045064 edits_0000000000000040287-0000000000000040288  edits_0000000000000041857-0000000000000041861  edits_0000000000000043479-0000000000000043480  edits_0000000000000045065-0000000000000045069 edits_0000000000000040289-0000000000000040293  edits_0000000000000041862-0000000000000041863  edits_0000000000000043481-0000000000000043485  edits_0000000000000045070-0000000000000045074 edits_0000000000000040294-0000000000000040298  edits_0000000000000041864-0000000000000041868  edits_0000000000000043486-0000000000000043490  edits_0000000000000045075-0000000000000045076 edits_0000000000000040299-0000000000000040300  edits_0000000000000041869-0000000000000041873  edits_0000000000000043491-0000000000000043492  edits_0000000000000045077-0000000000000045081 edits_0000000000000040301-0000000000000040305  edits_0000000000000041874-0000000000000041875  edits_0000000000000043493-0000000000000043497  edits_0000000000000045082-0000000000000045086 edits_0000000000000040306-0000000000000040310  edits_0000000000000041876-0000000000000041880  edits_0000000000000043498-0000000000000043502  edits_0000000000000045087-0000000000000045088 edits_0000000000000040311-0000000000000040312  edits_0000000000000041881-0000000000000041885  edits_0000000000000043503-0000000000000043504  edits_0000000000000045089-0000000000000045093 edits_0000000000000040313-0000000000000040317  edits_0000000000000041886-0000000000000041887  edits_0000000000000043505-0000000000000043509  edits_0000000000000045094-0000000000000045098 edits_0000000000000040318-0000000000000040322  edits_0000000000000041888-0000000000000041892  edits_0000000000000043510-0000000000000043514  edits_0000000000000045099-0000000000000045100 edits_0000000000000040323-0000000000000040324  edits_0000000000000041893-0000000000000041897  edits_0000000000000043515-0000000000000043516  edits_0000000000000045101-0000000000000045105 edits_0000000000000040325-0000000000000040329  edits_0000000000000041898-0000000000000041899  edits_0000000000000043517-0000000000000043521  edits_0000000000000045106-0000000000000045110 edits_0000000000000040330-0000000000000040334  edits_0000000000000041900-0000000000000041904  edits_0000000000000043522-0000000000000043526  edits_0000000000000045111-0000000000000045112 edits_0000000000000040335-0000000000000040336  edits_0000000000000041905-0000000000000041909  edits_0000000000000043527-0000000000000043528  edits_0000000000000045113-0000000000000045117 edits_0000000000000040337-0000000000000040341  edits_0000000000000041910-0000000000000041911  edits_0000000000000043529-0000000000000043533  edits_0000000000000045118-0000000000000045122 edits_0000000000000040342-0000000000000040346  edits_0000000000000041912-0000000000000041916  edits_0000000000000043534-0000000000000043538  edits_0000000000000045123-0000000000000045124 edits_0000000000000040347-0000000000000040348  edits_0000000000000041917-0000000000000041921  edits_0000000000000043539-0000000000000043540  edits_0000000000000045125-0000000000000045129 edits_0000000000000040349-0000000000000040353  edits_0000000000000041922-0000000000000041923  edits_0000000000000043541-0000000000000043545  edits_0000000000000045130-0000000000000045134 edits_0000000000000040354-0000000000000040358  edits_0000000000000041924-0000000000000041928  edits_0000000000000043546-0000000000000043550  edits_0000000000000045135-0000000000000045136 edits_0000000000000040359-0000000000000040360  edits_0000000000000041929-0000000000000041933  edits_0000000000000043551-0000000000000043552  edits_0000000000000045137-0000000000000045141 edits_0000000000000040361-0000000000000040365  edits_0000000000000041934-0000000000000041935  edits_0000000000000043553-0000000000000043557  edits_0000000000000045142-0000000000000045146 edits_0000000000000040366-0000000000000040370  edits_0000000000000041936-0000000000000041940  edits_0000000000000043558-0000000000000043562  edits_0000000000000045147-0000000000000045148 edits_0000000000000040371-0000000000000040372  edits_0000000000000041941-0000000000000041945  edits_0000000000000043563-0000000000000043564  edits_0000000000000045149-0000000000000045153 edits_0000000000000040373-0000000000000040377  edits_0000000000000041946-0000000000000041947  edits_0000000000000043565-0000000000000043569  edits_0000000000000045154-0000000000000045158 edits_0000000000000040378-0000000000000040382  edits_0000000000000041948-0000000000000041952  edits_0000000000000043570-0000000000000043574  edits_0000000000000045159-0000000000000045160 edits_0000000000000040383-0000000000000040384  edits_0000000000000041953-0000000000000041957  edits_0000000000000043575-0000000000000043576  edits_0000000000000045161-0000000000000045165 edits_0000000000000040385-0000000000000040389  edits_0000000000000041958-0000000000000041959  edits_0000000000000043577-0000000000000043581  edits_0000000000000045166-0000000000000045170 edits_0000000000000040390-0000000000000040394  edits_0000000000000041960-0000000000000041964  edits_0000000000000043582-0000000000000043586  edits_0000000000000045171-0000000000000045172 edits_0000000000000040395-0000000000000040396  edits_0000000000000041965-0000000000000041969  edits_0000000000000043587-0000000000000043588  edits_0000000000000045173-0000000000000045177 edits_0000000000000040397-0000000000000040401  edits_0000000000000041970-0000000000000041971  edits_0000000000000043589-0000000000000043593  edits_0000000000000045178-0000000000000045182 edits_0000000000000040402-0000000000000040406  edits_0000000000000041972-0000000000000041976  edits_0000000000000043594-0000000000000043598  edits_0000000000000045183-0000000000000045184 edits_0000000000000040407-0000000000000040408  edits_0000000000000041977-0000000000000041981  edits_0000000000000043599-0000000000000043600  edits_0000000000000045185-0000000000000045189 edits_0000000000000040409-0000000000000040413  edits_0000000000000041982-0000000000000041983  edits_0000000000000043601-0000000000000043605  edits_0000000000000045190-0000000000000045194 edits_0000000000000040414-0000000000000040418  edits_0000000000000041984-0000000000000041988  edits_0000000000000043606-0000000000000043610  edits_0000000000000045195-0000000000000045196 edits_0000000000000040419-0000000000000040420  edits_0000000000000041989-0000000000000041993  edits_0000000000000043611-0000000000000043612  edits_0000000000000045197-0000000000000045201 edits_0000000000000040421-0000000000000040425  edits_0000000000000041994-0000000000000041995  edits_0000000000000043613-0000000000000043617  edits_0000000000000045202-0000000000000045206 edits_0000000000000040426-0000000000000040430  edits_0000000000000041996-0000000000000042000  edits_0000000000000043618-0000000000000043622  edits_0000000000000045207-0000000000000045208 edits_0000000000000040431-0000000000000040432  edits_0000000000000042001-0000000000000042005  edits_0000000000000043623-0000000000000043624  edits_0000000000000045209-0000000000000045213 edits_0000000000000040433-0000000000000040437  edits_0000000000000042006-0000000000000042007  edits_0000000000000043625-0000000000000043629  edits_0000000000000045214-0000000000000045218 edits_0000000000000040438-0000000000000040442  edits_0000000000000042008-0000000000000042012  edits_0000000000000043630-0000000000000043634  edits_0000000000000045219-0000000000000045220 edits_0000000000000040443-0000000000000040444  edits_0000000000000042013-0000000000000042017  edits_0000000000000043635-0000000000000043636  edits_0000000000000045221-0000000000000045225 edits_0000000000000040445-0000000000000040449  edits_0000000000000042018-0000000000000042019  edits_0000000000000043637-0000000000000043641  edits_0000000000000045226-0000000000000045230 edits_0000000000000040450-0000000000000040454  edits_0000000000000042020-0000000000000042024  edits_0000000000000043642-0000000000000043646  edits_0000000000000045231-0000000000000045232 edits_0000000000000040455-0000000000000040456  edits_0000000000000042025-0000000000000042029  edits_0000000000000043647-0000000000000043648  edits_0000000000000045233-0000000000000045237 edits_0000000000000040457-0000000000000040461  edits_0000000000000042030-0000000000000042031  edits_0000000000000043649-0000000000000043653  edits_0000000000000045238-0000000000000045242 edits_0000000000000040462-0000000000000040466  edits_0000000000000042032-0000000000000042036  edits_0000000000000043654-0000000000000043658  edits_0000000000000045243-0000000000000045244 edits_0000000000000040467-0000000000000040468  edits_0000000000000042037-0000000000000042041  edits_0000000000000043659-0000000000000043660  edits_0000000000000045245-0000000000000045249 edits_0000000000000040469-0000000000000040473  edits_0000000000000042042-0000000000000042043  edits_0000000000000043661-0000000000000043665  edits_0000000000000045250-0000000000000045254 edits_0000000000000040474-0000000000000040478  edits_0000000000000042044-0000000000000042048  edits_0000000000000043666-0000000000000043670  edits_0000000000000045255-0000000000000045256 edits_0000000000000040479-0000000000000040480  edits_0000000000000042049-0000000000000042053  edits_0000000000000043671-0000000000000043672  edits_0000000000000045257-0000000000000045261 edits_0000000000000040481-0000000000000040485  edits_0000000000000042054-0000000000000042057  edits_0000000000000043673-0000000000000043677  edits_0000000000000045262-0000000000000045266 edits_0000000000000040486-0000000000000040490  edits_0000000000000042058-0000000000000042060  edits_0000000000000043678-0000000000000043682  edits_0000000000000045267-0000000000000045268 edits_0000000000000040491-0000000000000040492  edits_0000000000000042061-0000000000000042065  edits_0000000000000043683-0000000000000043684  edits_0000000000000045269-0000000000000045273 edits_0000000000000040493-0000000000000040497  edits_0000000000000042066-0000000000000042070  edits_0000000000000043685-0000000000000043689  edits_0000000000000045274-0000000000000045278 edits_0000000000000040498-0000000000000040502  edits_0000000000000042071-0000000000000042072  edits_0000000000000043690-0000000000000043694  edits_0000000000000045279-0000000000000045282 edits_0000000000000040503-0000000000000040504  edits_0000000000000042073-0000000000000042077  edits_0000000000000043695-0000000000000043696  edits_0000000000000045283-0000000000000045285 edits_0000000000000040505-0000000000000040509  edits_0000000000000042078-0000000000000042082  edits_0000000000000043697-0000000000000043701  edits_0000000000000045286-0000000000000045290 edits_0000000000000040510-0000000000000040514  edits_0000000000000042083-0000000000000042084  edits_0000000000000043702-0000000000000043706  edits_0000000000000045291-0000000000000045294 edits_0000000000000040515-0000000000000040516  edits_0000000000000042085-0000000000000042089  edits_0000000000000043707-0000000000000043708  edits_0000000000000045295-0000000000000045297 edits_0000000000000040517-0000000000000040521  edits_0000000000000042090-0000000000000042094  edits_0000000000000043709-0000000000000043713  edits_0000000000000045298-0000000000000045302 edits_0000000000000040522-0000000000000040526  edits_0000000000000042095-0000000000000042096  edits_0000000000000043714-0000000000000043718  edits_0000000000000045303-0000000000000045307 edits_0000000000000040527-0000000000000040528  edits_0000000000000042097-0000000000000042101  edits_0000000000000043719-0000000000000043720  edits_0000000000000045308-0000000000000045309 edits_0000000000000040529-0000000000000040533  edits_0000000000000042102-0000000000000042106  edits_0000000000000043721-0000000000000043725  edits_0000000000000045310-0000000000000045314 edits_0000000000000040534-0000000000000040538  edits_0000000000000042107-0000000000000042108  edits_0000000000000043726-0000000000000043730  edits_0000000000000045315-0000000000000045319 edits_0000000000000040539-0000000000000040540  edits_0000000000000042109-0000000000000042113  edits_0000000000000043731-0000000000000043734  edits_0000000000000045320-0000000000000045321 edits_0000000000000040541-0000000000000040545  edits_0000000000000042114-0000000000000042118  edits_0000000000000043735-0000000000000043737  edits_0000000000000045322-0000000000000045326 edits_0000000000000040546-0000000000000040550  edits_0000000000000042119-0000000000000042120  edits_0000000000000043738-0000000000000043742  edits_0000000000000045327-0000000000000045331 edits_0000000000000040551-0000000000000040552  edits_0000000000000042121-0000000000000042125  edits_0000000000000043743-0000000000000043747  edits_0000000000000045332-0000000000000045333 edits_0000000000000040553-0000000000000040557  edits_0000000000000042126-0000000000000042130  edits_0000000000000043748-0000000000000043749  edits_0000000000000045334-0000000000000045338 edits_0000000000000040558-0000000000000040562  edits_0000000000000042131-0000000000000042132  edits_0000000000000043750-0000000000000043754  edits_0000000000000045339-0000000000000045343 edits_0000000000000040563-0000000000000040564  edits_0000000000000042133-0000000000000042137  edits_0000000000000043755-0000000000000043759  edits_0000000000000045344-0000000000000045345 edits_0000000000000040565-0000000000000040569  edits_0000000000000042138-0000000000000042142  edits_0000000000000043760-0000000000000043761  edits_0000000000000045346-0000000000000045350 edits_0000000000000040570-0000000000000040574  edits_0000000000000042143-0000000000000042144  edits_0000000000000043762-0000000000000043766  edits_0000000000000045351-0000000000000045355 edits_0000000000000040575-0000000000000040576  edits_0000000000000042145-0000000000000042149  edits_0000000000000043767-0000000000000043771  edits_0000000000000045356-0000000000000045357 edits_0000000000000040577-0000000000000040581  edits_0000000000000042150-0000000000000042154  edits_0000000000000043772-0000000000000043773  edits_0000000000000045358-0000000000000045362 edits_0000000000000040582-0000000000000040586  edits_0000000000000042155-0000000000000042156  edits_0000000000000043774-0000000000000043778  edits_0000000000000045363-0000000000000045367 edits_0000000000000040587-0000000000000040588  edits_0000000000000042157-0000000000000042161  edits_0000000000000043779-0000000000000043783  edits_0000000000000045368-0000000000000045369 edits_0000000000000040589-0000000000000040593  edits_0000000000000042162-0000000000000042166  edits_0000000000000043784-0000000000000043785  edits_0000000000000045370-0000000000000045374 edits_0000000000000040594-0000000000000040598  edits_0000000000000042167-0000000000000042168  edits_0000000000000043786-0000000000000043790  edits_0000000000000045375-0000000000000045379 edits_0000000000000040599-0000000000000040600  edits_0000000000000042169-0000000000000042173  edits_0000000000000043791-0000000000000043795  edits_0000000000000045380-0000000000000045381 edits_0000000000000040601-0000000000000040605  edits_0000000000000042174-0000000000000042178  edits_0000000000000043796-0000000000000043797  edits_0000000000000045382-0000000000000045386 edits_0000000000000040606-0000000000000040610  edits_0000000000000042179-0000000000000042180  edits_0000000000000043798-0000000000000043802  edits_0000000000000045387-0000000000000045391 edits_0000000000000040611-0000000000000040612  edits_0000000000000042181-0000000000000042185  edits_0000000000000043803-0000000000000043807  edits_0000000000000045392-0000000000000045393 edits_0000000000000040613-0000000000000040617  edits_0000000000000042186-0000000000000042190  edits_0000000000000043808-0000000000000043809  edits_0000000000000045394-0000000000000045398 edits_0000000000000040618-0000000000000040622  edits_0000000000000042191-0000000000000042192  edits_0000000000000043810-0000000000000043814  edits_0000000000000045399-0000000000000045403 edits_0000000000000040623-0000000000000040624  edits_0000000000000042193-0000000000000042197  edits_0000000000000043815-0000000000000043819  edits_0000000000000045404-0000000000000045405 edits_0000000000000040625-0000000000000040629  edits_0000000000000042198-0000000000000042202  edits_0000000000000043820-0000000000000043821  edits_0000000000000045406-0000000000000045410 edits_0000000000000040630-0000000000000040634  edits_0000000000000042203-0000000000000042204  edits_0000000000000043822-0000000000000043826  edits_0000000000000045411-0000000000000045415 edits_0000000000000040635-0000000000000040636  edits_0000000000000042205-0000000000000042209  edits_0000000000000043827-0000000000000043831  edits_0000000000000045416-0000000000000045417 edits_0000000000000040637-0000000000000040641  edits_0000000000000042210-0000000000000042214  edits_0000000000000043832-0000000000000043833  edits_0000000000000045418-0000000000000045422 edits_0000000000000040642-0000000000000040646  edits_0000000000000042215-0000000000000042216  edits_0000000000000043834-0000000000000043838  edits_0000000000000045423-0000000000000045427 edits_0000000000000040647-0000000000000040648  edits_0000000000000042217-0000000000000042221  edits_0000000000000043839-0000000000000043843  edits_0000000000000045428-0000000000000045429 edits_0000000000000040649-0000000000000040653  edits_0000000000000042222-0000000000000042226  edits_0000000000000043844-0000000000000043845  edits_0000000000000045430-0000000000000045434 edits_0000000000000040654-0000000000000040658  edits_0000000000000042227-0000000000000042228  edits_0000000000000043846-0000000000000043850  edits_0000000000000045435-0000000000000045439 edits_0000000000000040659-0000000000000040660  edits_0000000000000042229-0000000000000042233  edits_0000000000000043851-0000000000000043855  edits_0000000000000045440-0000000000000045441 edits_0000000000000040661-0000000000000040665  edits_0000000000000042234-0000000000000042238  edits_0000000000000043856-0000000000000043857  edits_0000000000000045442-0000000000000045446 edits_0000000000000040666-0000000000000040670  edits_0000000000000042239-0000000000000042240  edits_0000000000000043858-0000000000000043862  edits_0000000000000045447-0000000000000045448 edits_0000000000000040671-0000000000000040672  edits_0000000000000042241-0000000000000042245  edits_0000000000000043863-0000000000000043867  edits_0000000000000045449-0000000000000045449 edits_0000000000000040673-0000000000000040677  edits_0000000000000042246-0000000000000042250  edits_0000000000000043868-0000000000000043869  edits_0000000000000045450-0000000000000045467 edits_0000000000000040678-0000000000000040682  edits_0000000000000042251-0000000000000042252  edits_0000000000000043870-0000000000000043874  edits_0000000000000045468-0000000000000045622 edits_0000000000000040683-0000000000000040684  edits_0000000000000042253-0000000000000042257  edits_0000000000000043875-0000000000000043879  edits_0000000000000045623-0000000000000045887 edits_0000000000000040685-0000000000000040689  edits_0000000000000042258-0000000000000042262  edits_0000000000000043880-0000000000000043881  edits_0000000000000045888-0000000000000046129 edits_0000000000000040690-0000000000000040694  edits_0000000000000042263-0000000000000042264  edits_0000000000000043882-0000000000000043886  edits_0000000000000046130-0000000000000046133 edits_0000000000000040695-0000000000000040696  edits_0000000000000042265-0000000000000042269  edits_0000000000000043887-0000000000000043891  edits_0000000000000046134-0000000000000046136 edits_0000000000000040697-0000000000000040701  edits_0000000000000042270-0000000000000042274  edits_0000000000000043892-0000000000000043893  edits_0000000000000046137-0000000000000046141 edits_0000000000000040702-0000000000000040706  edits_0000000000000042275-0000000000000042276  edits_0000000000000043894-0000000000000043898  edits_0000000000000046142-0000000000000046146 edits_0000000000000040707-0000000000000040711  edits_0000000000000042277-0000000000000042281  edits_0000000000000043899-0000000000000043903  edits_0000000000000046147-0000000000000046148 edits_0000000000000040712-0000000000000040713  edits_0000000000000042282-0000000000000042286  edits_0000000000000043904-0000000000000043905  edits_0000000000000046149-0000000000000046153 edits_0000000000000040714-0000000000000040718  edits_0000000000000042287-0000000000000042288  edits_0000000000000043906-0000000000000043910  edits_0000000000000046154-0000000000000046158 edits_0000000000000040719-0000000000000040723  edits_0000000000000042289-0000000000000042293  edits_0000000000000043911-0000000000000043915  edits_0000000000000046159-0000000000000046160 edits_0000000000000040724-0000000000000040725  edits_0000000000000042294-0000000000000042298  edits_0000000000000043916-0000000000000043917  edits_0000000000000046161-0000000000000046165 edits_0000000000000040726-0000000000000040730  edits_0000000000000042299-0000000000000042300  edits_0000000000000043918-0000000000000043922  edits_0000000000000046166-0000000000000046170 edits_0000000000000040731-0000000000000040735  edits_0000000000000042301-0000000000000042305  edits_0000000000000043923-0000000000000043927  edits_0000000000000046171-0000000000000046172 edits_0000000000000040736-0000000000000040737  edits_0000000000000042306-0000000000000042310  edits_0000000000000043928-0000000000000043929  edits_0000000000000046173-0000000000000046177 edits_0000000000000040738-0000000000000040742  edits_0000000000000042311-0000000000000042312  edits_0000000000000043930-0000000000000043934  edits_0000000000000046178-0000000000000046182 edits_0000000000000040743-0000000000000040747  edits_0000000000000042313-0000000000000042317  edits_0000000000000043935-0000000000000043939  edits_0000000000000046183-0000000000000046184 edits_0000000000000040748-0000000000000040749  edits_0000000000000042318-0000000000000042322  edits_0000000000000043940-0000000000000043941  edits_0000000000000046185-0000000000000046189 edits_0000000000000040750-0000000000000040754  edits_0000000000000042323-0000000000000042324  edits_0000000000000043942-0000000000000043946  edits_0000000000000046190-0000000000000046194 edits_0000000000000040755-0000000000000040759  edits_0000000000000042325-0000000000000042329  edits_0000000000000043947-0000000000000043951  edits_0000000000000046195-0000000000000046196 edits_0000000000000040760-0000000000000040761  edits_0000000000000042330-0000000000000042334  edits_0000000000000043952-0000000000000043953  edits_0000000000000046197-0000000000000046201 edits_0000000000000040762-0000000000000040766  edits_0000000000000042335-0000000000000042336  edits_0000000000000043954-0000000000000043958  edits_0000000000000046202-0000000000000046206 edits_0000000000000040767-0000000000000040771  edits_0000000000000042337-0000000000000042341  edits_0000000000000043959-0000000000000043963  edits_0000000000000046207-0000000000000046208 edits_0000000000000040772-0000000000000040773  edits_0000000000000042342-0000000000000042346  edits_0000000000000043964-0000000000000043965  edits_0000000000000046209-0000000000000046213 edits_0000000000000040774-0000000000000040778  edits_0000000000000042347-0000000000000042348  edits_0000000000000043966-0000000000000043970  edits_0000000000000046214-0000000000000046218 edits_0000000000000040779-0000000000000040783  edits_0000000000000042349-0000000000000042353  edits_0000000000000043971-0000000000000043975  edits_0000000000000046219-0000000000000046220 edits_0000000000000040784-0000000000000040785  edits_0000000000000042354-0000000000000042358  edits_0000000000000043976-0000000000000043977  edits_0000000000000046221-0000000000000046225 edits_0000000000000040786-0000000000000040790  edits_0000000000000042359-0000000000000042360  edits_0000000000000043978-0000000000000043982  edits_0000000000000046226-0000000000000046230 edits_0000000000000040791-0000000000000040795  edits_0000000000000042361-0000000000000042365  edits_0000000000000043983-0000000000000043987  edits_0000000000000046231-0000000000000046232 edits_0000000000000040796-0000000000000040797  edits_0000000000000042366-0000000000000042370  edits_0000000000000043988-0000000000000043989  edits_0000000000000046233-0000000000000046237 edits_0000000000000040798-0000000000000040802  edits_0000000000000042371-0000000000000042372  edits_0000000000000043990-0000000000000043994  edits_0000000000000046238-0000000000000046242 edits_0000000000000040803-0000000000000040807  edits_0000000000000042373-0000000000000042377  edits_0000000000000043995-0000000000000043999  edits_0000000000000046243-0000000000000046244 edits_0000000000000040808-0000000000000040809  edits_0000000000000042378-0000000000000042382  edits_0000000000000044000-0000000000000044009  edits_0000000000000046245-0000000000000046245 edits_0000000000000040810-0000000000000040814  edits_0000000000000042383-0000000000000042384  edits_0000000000000044010-0000000000000044014  edits_0000000000000046450-0000000000000046455 edits_0000000000000040815-0000000000000040819  edits_0000000000000042385-0000000000000042389  edits_0000000000000044015-0000000000000044019  edits_0000000000000046839-0000000000000046853 edits_0000000000000040820-0000000000000040821  edits_0000000000000042390-0000000000000042394  edits_0000000000000044020-0000000000000044029  edits_0000000000000046854-0000000000000046861 edits_0000000000000040822-0000000000000040826  edits_0000000000000042395-0000000000000042396  edits_0000000000000044030-0000000000000044034  edits_0000000000000046862-0000000000000046866 edits_0000000000000040827-0000000000000040831  edits_0000000000000042397-0000000000000042401  edits_0000000000000044035-0000000000000044039  edits_0000000000000046867-0000000000000046871 edits_0000000000000040832-0000000000000040833  edits_0000000000000042402-0000000000000042406  edits_0000000000000044040-0000000000000044041  edits_0000000000000046872-0000000000000046879 edits_0000000000000040834-0000000000000040838  edits_0000000000000042407-0000000000000042408  edits_0000000000000044042-0000000000000044046  edits_0000000000000046880-0000000000000046884 edits_0000000000000040839-0000000000000040843  edits_0000000000000042409-0000000000000042413  edits_0000000000000044047-0000000000000044051  edits_0000000000000046885-0000000000000046889 edits_0000000000000040844-0000000000000040845  edits_0000000000000042414-0000000000000042418  edits_0000000000000044052-0000000000000044053  edits_0000000000000046890-0000000000000046897 edits_0000000000000040846-0000000000000040850  edits_0000000000000042419-0000000000000042420  edits_0000000000000044054-0000000000000044058  edits_0000000000000046898-0000000000000046902 edits_0000000000000040851-0000000000000040855  edits_0000000000000042421-0000000000000042425  edits_0000000000000044059-0000000000000044063  edits_0000000000000046903-0000000000000046910 edits_0000000000000040856-0000000000000040857  edits_0000000000000042426-0000000000000042430  edits_0000000000000044064-0000000000000044065  edits_0000000000000046911-0000000000000046918 edits_0000000000000040858-0000000000000040862  edits_0000000000000042431-0000000000000042432  edits_0000000000000044066-0000000000000044070  edits_0000000000000046919-0000000000000046923 edits_0000000000000040863-0000000000000040867  edits_0000000000000042433-0000000000000042437  edits_0000000000000044071-0000000000000044075  edits_0000000000000046924-0000000000000046928 edits_0000000000000040868-0000000000000040869  edits_0000000000000042438-0000000000000042442  edits_0000000000000044076-0000000000000044077  edits_0000000000000046929-0000000000000046936 edits_0000000000000040870-0000000000000040874  edits_0000000000000042443-0000000000000042446  edits_0000000000000044078-0000000000000044082  edits_0000000000000046937-0000000000000046941 edits_0000000000000040875-0000000000000040879  edits_0000000000000042447-0000000000000042449  edits_0000000000000044083-0000000000000044087  edits_0000000000000046942-0000000000000046946 edits_0000000000000040880-0000000000000040881  edits_0000000000000042450-0000000000000042454  edits_0000000000000044088-0000000000000044089  edits_0000000000000046947-0000000000000046954 edits_0000000000000040882-0000000000000040886  edits_0000000000000042455-0000000000000042458  edits_0000000000000044090-0000000000000044094  edits_0000000000000046955-0000000000000046959 edits_0000000000000040887-0000000000000040891  edits_0000000000000042459-0000000000000042461  edits_0000000000000044095-0000000000000044099  edits_0000000000000046960-0000000000000046964 edits_0000000000000040892-0000000000000040893  edits_0000000000000042462-0000000000000042466  edits_0000000000000044100-0000000000000044101  edits_0000000000000046965-0000000000000046972 edits_0000000000000040894-0000000000000040898  edits_0000000000000042467-0000000000000042471  edits_0000000000000044102-0000000000000044106  edits_0000000000000046973-0000000000000046977 edits_0000000000000040899-0000000000000040903  edits_0000000000000042472-0000000000000042473  edits_0000000000000044107-0000000000000044111  edits_0000000000000046978-0000000000000046982 edits_0000000000000040904-0000000000000040905  edits_0000000000000042474-0000000000000042478  edits_0000000000000044112-0000000000000044113  edits_0000000000000046983-0000000000000046990 edits_0000000000000040906-0000000000000040910  edits_0000000000000042479-0000000000000042483  edits_0000000000000044114-0000000000000044118  edits_0000000000000046991-0000000000000046995 edits_0000000000000040911-0000000000000040915  edits_0000000000000042484-0000000000000042485  edits_0000000000000044119-0000000000000044123  edits_0000000000000046996-0000000000000047000 edits_0000000000000040916-0000000000000040917  edits_0000000000000042486-0000000000000042490  edits_0000000000000044124-0000000000000044125  edits_0000000000000047001-0000000000000047008 edits_0000000000000040918-0000000000000040922  edits_0000000000000042491-0000000000000042495  edits_0000000000000044126-0000000000000044130  edits_0000000000000047009-0000000000000047013 edits_0000000000000040923-0000000000000040927  edits_0000000000000042496-0000000000000042497  edits_0000000000000044131-0000000000000044135  edits_0000000000000047014-0000000000000047018 edits_0000000000000040928-0000000000000040929  edits_0000000000000042498-0000000000000042502  edits_0000000000000044136-0000000000000044137  edits_0000000000000047019-0000000000000047026 edits_0000000000000040930-0000000000000040934  edits_0000000000000042503-0000000000000042507  edits_0000000000000044138-0000000000000044142  edits_0000000000000047027-0000000000000047031 edits_0000000000000040935-0000000000000040939  edits_0000000000000042508-0000000000000042509  edits_0000000000000044143-0000000000000044147  edits_0000000000000047032-0000000000000047036 edits_0000000000000040940-0000000000000040941  edits_0000000000000042510-0000000000000042514  edits_0000000000000044148-0000000000000044151  edits_0000000000000047037-0000000000000047044 edits_0000000000000040942-0000000000000040946  edits_0000000000000042515-0000000000000042519  edits_0000000000000044152-0000000000000044154  edits_0000000000000047045-0000000000000047049 edits_0000000000000040947-0000000000000040951  edits_0000000000000042520-0000000000000042521  edits_0000000000000044155-0000000000000044159  edits_0000000000000047050-0000000000000047054 edits_0000000000000040952-0000000000000040953  edits_0000000000000042522-0000000000000042526  edits_0000000000000044160-0000000000000044163  edits_0000000000000047055-0000000000000047062 edits_0000000000000040954-0000000000000040958  edits_0000000000000042527-0000000000000042531  edits_0000000000000044164-0000000000000044166  edits_0000000000000047063-0000000000000047066 edits_0000000000000040959-0000000000000040963  edits_0000000000000042532-0000000000000042533  edits_0000000000000044167-0000000000000044171  edits_0000000000000047067-0000000000000047075 edits_0000000000000040964-0000000000000040965  edits_0000000000000042534-0000000000000042538  edits_0000000000000044172-0000000000000044176  edits_0000000000000047076-0000000000000047080 edits_0000000000000040966-0000000000000040970  edits_0000000000000042539-0000000000000042543  edits_0000000000000044177-0000000000000044178  edits_0000000000000047081-0000000000000047085 edits_0000000000000040971-0000000000000040975  edits_0000000000000042544-0000000000000042545  edits_0000000000000044179-0000000000000044183  edits_0000000000000047086-0000000000000047092 edits_0000000000000040976-0000000000000040977  edits_0000000000000042546-0000000000000042550  edits_0000000000000044184-0000000000000044188  edits_0000000000000047093-0000000000000047098 edits_0000000000000040978-0000000000000040982  edits_0000000000000042551-0000000000000042555  edits_0000000000000044189-0000000000000044190  edits_0000000000000047099-0000000000000047103 edits_0000000000000040983-0000000000000040987  edits_0000000000000042556-0000000000000042557  edits_0000000000000044191-0000000000000044195  edits_0000000000000047104-0000000000000047108 edits_0000000000000040988-0000000000000040989  edits_0000000000000042558-0000000000000042562  edits_0000000000000044196-0000000000000044200  edits_0000000000000047109-0000000000000047116 edits_0000000000000040990-0000000000000040994  edits_0000000000000042563-0000000000000042567  edits_0000000000000044201-0000000000000044202  edits_0000000000000047117-0000000000000047121 edits_0000000000000040995-0000000000000040999  edits_0000000000000042568-0000000000000042569  edits_0000000000000044203-0000000000000044207  edits_0000000000000047122-0000000000000047128 edits_0000000000000041000-0000000000000041001  edits_0000000000000042570-0000000000000042574  edits_0000000000000044208-0000000000000044212  edits_0000000000000047129-0000000000000047134 edits_0000000000000041002-0000000000000041006  edits_0000000000000042575-0000000000000042579  edits_0000000000000044213-0000000000000044214  edits_0000000000000047135-0000000000000047139 edits_0000000000000041007-0000000000000041011  edits_0000000000000042580-0000000000000042581  edits_0000000000000044215-0000000000000044219  edits_0000000000000047140-0000000000000047144 edits_0000000000000041012-0000000000000041013  edits_0000000000000042582-0000000000000042586  edits_0000000000000044220-0000000000000044224  edits_0000000000000047145-0000000000000047152 edits_0000000000000041014-0000000000000041018  edits_0000000000000042587-0000000000000042591  edits_0000000000000044225-0000000000000044226  edits_0000000000000047153-0000000000000047157 edits_0000000000000041019-0000000000000041023  edits_0000000000000042592-0000000000000042593  edits_0000000000000044227-0000000000000044231  edits_0000000000000047158-0000000000000047165 edits_0000000000000041024-0000000000000041025  edits_0000000000000042594-0000000000000042598  edits_0000000000000044232-0000000000000044236  edits_0000000000000047166-0000000000000047170 edits_0000000000000041026-0000000000000041030  edits_0000000000000042599-0000000000000042603  edits_0000000000000044237-0000000000000044238  edits_0000000000000047171-0000000000000047175 edits_0000000000000041031-0000000000000041035  edits_0000000000000042604-0000000000000042605  edits_0000000000000044239-0000000000000044243  edits_0000000000000047176-0000000000000047180 edits_0000000000000041036-0000000000000041037  edits_0000000000000042606-0000000000000042610  edits_0000000000000044244-0000000000000044248  edits_0000000000000047181-0000000000000047188 edits_0000000000000041038-0000000000000041042  edits_0000000000000042611-0000000000000042615  edits_0000000000000044249-0000000000000044250  edits_0000000000000047189-0000000000000047190 edits_0000000000000041043-0000000000000041047  edits_0000000000000042616-0000000000000042617  edits_0000000000000044251-0000000000000044255  edits_0000000000000047191-0000000000000047195 edits_0000000000000041048-0000000000000041049  edits_0000000000000042618-0000000000000042622  edits_0000000000000044256-0000000000000044260  edits_0000000000000047196-0000000000000047203 edits_0000000000000041050-0000000000000041054  edits_0000000000000042623-0000000000000042627  edits_0000000000000044261-0000000000000044262  edits_0000000000000047204-0000000000000047208 edits_0000000000000041055-0000000000000041059  edits_0000000000000042628-0000000000000042629  edits_0000000000000044263-0000000000000044267  edits_0000000000000047209-0000000000000047213 edits_0000000000000041060-0000000000000041061  edits_0000000000000042630-0000000000000042634  edits_0000000000000044268-0000000000000044272  edits_0000000000000047214-0000000000000047218 edits_0000000000000041062-0000000000000041066  edits_0000000000000042635-0000000000000042639  edits_0000000000000044273-0000000000000044274  edits_0000000000000047219-0000000000000047226 edits_0000000000000041067-0000000000000041071  edits_0000000000000042640-0000000000000042641  edits_0000000000000044275-0000000000000044279  edits_0000000000000047227-0000000000000047228 edits_0000000000000041072-0000000000000041073  edits_0000000000000042642-0000000000000042646  edits_0000000000000044280-0000000000000044284  edits_0000000000000047229-0000000000000047233 edits_0000000000000041074-0000000000000041078  edits_0000000000000042647-0000000000000042651  edits_0000000000000044285-0000000000000044286  edits_0000000000000047234-0000000000000047241 edits_0000000000000041079-0000000000000041083  edits_0000000000000042652-0000000000000042653  edits_0000000000000044287-0000000000000044291  edits_0000000000000047242-0000000000000047246 edits_0000000000000041084-0000000000000041085  edits_0000000000000042654-0000000000000042658  edits_0000000000000044292-0000000000000044296  edits_0000000000000047247-0000000000000047251 edits_0000000000000041086-0000000000000041090  edits_0000000000000042659-0000000000000042663  edits_0000000000000044297-0000000000000044298  edits_0000000000000047252-0000000000000047259 edits_0000000000000041091-0000000000000041095  edits_0000000000000042664-0000000000000042665  edits_0000000000000044299-0000000000000044303  edits_0000000000000047260-0000000000000047264 edits_0000000000000041096-0000000000000041097  edits_0000000000000042666-0000000000000042670  edits_0000000000000044304-0000000000000044308  edits_0000000000000047265-0000000000000047269 edits_0000000000000041098-0000000000000041102  edits_0000000000000042671-0000000000000042675  edits_0000000000000044309-0000000000000044310  edits_0000000000000047270-0000000000000047277 edits_0000000000000041103-0000000000000041107  edits_0000000000000042676-0000000000000042677  edits_0000000000000044311-0000000000000044315  edits_0000000000000047278-0000000000000047282 edits_0000000000000041108-0000000000000041109  edits_0000000000000042678-0000000000000042682  edits_0000000000000044316-0000000000000044320  edits_0000000000000047283-0000000000000047287 edits_0000000000000041110-0000000000000041114  edits_0000000000000042683-0000000000000042687  edits_0000000000000044321-0000000000000044322  edits_0000000000000047288-0000000000000047295 edits_0000000000000041115-0000000000000041119  edits_0000000000000042688-0000000000000042689  edits_0000000000000044323-0000000000000044327  edits_0000000000000047296-0000000000000047300 edits_0000000000000041120-0000000000000041121  edits_0000000000000042690-0000000000000042694  edits_0000000000000044328-0000000000000044332  edits_0000000000000047301-0000000000000047305 edits_0000000000000041122-0000000000000041126  edits_0000000000000042695-0000000000000042699  edits_0000000000000044333-0000000000000044334  edits_0000000000000047306-0000000000000047313 edits_0000000000000041127-0000000000000041131  edits_0000000000000042700-0000000000000042701  edits_0000000000000044335-0000000000000044339  edits_0000000000000047314-0000000000000047315 edits_0000000000000041132-0000000000000041133  edits_0000000000000042702-0000000000000042706  edits_0000000000000044340-0000000000000044344  edits_0000000000000047316-0000000000000047320 edits_0000000000000041134-0000000000000041138  edits_0000000000000042707-0000000000000042711  edits_0000000000000044345-0000000000000044346  edits_0000000000000047321-0000000000000047328 edits_0000000000000041139-0000000000000041143  edits_0000000000000042712-0000000000000042713  edits_0000000000000044347-0000000000000044351  edits_0000000000000047329-0000000000000047333 edits_0000000000000041144-0000000000000041147  edits_0000000000000042714-0000000000000042718  edits_0000000000000044352-0000000000000044356  edits_0000000000000047334-0000000000000047338 edits_0000000000000041148-0000000000000041150  edits_0000000000000042719-0000000000000042723  edits_0000000000000044357-0000000000000044358  edits_0000000000000047339-0000000000000047343 edits_0000000000000041151-0000000000000041155  edits_0000000000000042724-0000000000000042725  edits_0000000000000044359-0000000000000044363  edits_0000000000000047344-0000000000000047348 edits_0000000000000041156-0000000000000041159  edits_0000000000000042726-0000000000000042730  edits_0000000000000044364-0000000000000044368  edits_0000000000000047349-0000000000000047353 edits_0000000000000041160-0000000000000041162  edits_0000000000000042731-0000000000000042735  edits_0000000000000044369-0000000000000044370  edits_0000000000000047354-0000000000000047361 edits_0000000000000041163-0000000000000041167  edits_0000000000000042736-0000000000000042737  edits_0000000000000044371-0000000000000044375  edits_0000000000000047362-0000000000000047366 edits_0000000000000041168-0000000000000041172  edits_0000000000000042738-0000000000000042742  edits_0000000000000044376-0000000000000044380  edits_0000000000000047367-0000000000000047371 edits_0000000000000041173-0000000000000041174  edits_0000000000000042743-0000000000000042747  edits_0000000000000044381-0000000000000044382  edits_0000000000000047372-0000000000000047379 edits_0000000000000041175-0000000000000041179  edits_0000000000000042748-0000000000000042749  edits_0000000000000044383-0000000000000044387  edits_0000000000000047380-0000000000000047381 edits_0000000000000041180-0000000000000041184  edits_0000000000000042750-0000000000000042754  edits_0000000000000044388-0000000000000044392  edits_0000000000000047382-0000000000000047386 edits_0000000000000041185-0000000000000041186  edits_0000000000000042755-0000000000000042759  edits_0000000000000044393-0000000000000044394  edits_0000000000000047387-0000000000000047391 edits_0000000000000041187-0000000000000041191  edits_0000000000000042760-0000000000000042761  edits_0000000000000044395-0000000000000044399  edits_0000000000000047392-0000000000000047396 edits_0000000000000041192-0000000000000041196  edits_0000000000000042762-0000000000000042766  edits_0000000000000044400-0000000000000044404  edits_0000000000000047397-0000000000000047404 edits_0000000000000041197-0000000000000041198  edits_0000000000000042767-0000000000000042771  edits_0000000000000044405-0000000000000044406  edits_0000000000000047405-0000000000000047409 edits_0000000000000041199-0000000000000041203  edits_0000000000000042772-0000000000000042773  edits_0000000000000044407-0000000000000044411  edits_0000000000000047410-0000000000000047414 edits_0000000000000041204-0000000000000041208  edits_0000000000000042774-0000000000000042778  edits_0000000000000044412-0000000000000044416  edits_0000000000000047415-0000000000000047422 edits_0000000000000041209-0000000000000041210  edits_0000000000000042779-0000000000000042783  edits_0000000000000044417-0000000000000044418  edits_0000000000000047423-0000000000000047427 edits_0000000000000041211-0000000000000041215  edits_0000000000000042784-0000000000000042785  edits_0000000000000044419-0000000000000044423  edits_0000000000000047428-0000000000000047434 edits_0000000000000041216-0000000000000041220  edits_0000000000000042786-0000000000000042790  edits_0000000000000044424-0000000000000044428  edits_0000000000000047435-0000000000000047440 edits_0000000000000041221-0000000000000041222  edits_0000000000000042791-0000000000000042795  edits_0000000000000044429-0000000000000044430  edits_0000000000000047441-0000000000000047445 edits_0000000000000041223-0000000000000041227  edits_0000000000000042796-0000000000000042797  edits_0000000000000044431-0000000000000044435  edits_0000000000000047446-0000000000000047452 edits_0000000000000041228-0000000000000041232  edits_0000000000000042798-0000000000000042802  edits_0000000000000044436-0000000000000044440  edits_0000000000000047453-0000000000000047455 edits_0000000000000041233-0000000000000041234  edits_0000000000000042803-0000000000000042807  edits_0000000000000044441-0000000000000044442  edits_0000000000000047456-0000000000000047460 edits_0000000000000041235-0000000000000041239  edits_0000000000000042808-0000000000000042809  edits_0000000000000044443-0000000000000044447  edits_0000000000000047461-0000000000000047465 edits_0000000000000041240-0000000000000041244  edits_0000000000000042810-0000000000000042814  edits_0000000000000044448-0000000000000044452  edits_0000000000000047466-0000000000000047467 edits_0000000000000041245-0000000000000041246  edits_0000000000000042815-0000000000000042819  edits_0000000000000044453-0000000000000044454  edits_0000000000000047468-0000000000000047475 edits_0000000000000041247-0000000000000041251  edits_0000000000000042820-0000000000000042821  edits_0000000000000044455-0000000000000044459  edits_0000000000000047476-0000000000000047483 edits_0000000000000041252-0000000000000041256  edits_0000000000000042822-0000000000000042826  edits_0000000000000044460-0000000000000044464  edits_0000000000000047484-0000000000000047488 edits_0000000000000041257-0000000000000041258  edits_0000000000000042827-0000000000000042831  edits_0000000000000044465-0000000000000044466  edits_0000000000000047489-0000000000000047493 edits_0000000000000041259-0000000000000041263  edits_0000000000000042832-0000000000000042833  edits_0000000000000044467-0000000000000044471  edits_0000000000000047494-0000000000000047501 edits_0000000000000041264-0000000000000041268  edits_0000000000000042834-0000000000000042838  edits_0000000000000044472-0000000000000044476  edits_0000000000000047502-0000000000000047503 edits_0000000000000041269-0000000000000041270  edits_0000000000000042839-0000000000000042843  edits_0000000000000044477-0000000000000044478  edits_0000000000000047504-0000000000000047508 edits_0000000000000041271-0000000000000041275  edits_0000000000000042844-0000000000000042845  edits_0000000000000044479-0000000000000044483  edits_0000000000000047509-0000000000000047516 edits_0000000000000041276-0000000000000041280  edits_0000000000000042846-0000000000000042850  edits_0000000000000044484-0000000000000044488  edits_0000000000000047517-0000000000000047521 edits_0000000000000041281-0000000000000041282  edits_0000000000000042851-0000000000000042855  edits_0000000000000044489-0000000000000044490  edits_0000000000000047522-0000000000000047526 edits_0000000000000041283-0000000000000041287  edits_0000000000000042856-0000000000000042859  edits_0000000000000044491-0000000000000044495  edits_0000000000000047527-0000000000000047534 edits_0000000000000041288-0000000000000041292  edits_0000000000000042860-0000000000000042862  edits_0000000000000044496-0000000000000044500  edits_0000000000000047535-0000000000000047539 edits_0000000000000041293-0000000000000041294  edits_0000000000000042863-0000000000000042867  edits_0000000000000044501-0000000000000044502  edits_0000000000000047540-0000000000000047544 edits_0000000000000041295-0000000000000041299  edits_0000000000000042868-0000000000000042871  edits_0000000000000044503-0000000000000044507  edits_0000000000000047545-0000000000000047552 edits_0000000000000041300-0000000000000041304  edits_0000000000000042872-0000000000000042874  edits_0000000000000044508-0000000000000044512  edits_0000000000000047553-0000000000000047557 edits_0000000000000041305-0000000000000041306  edits_0000000000000042875-0000000000000042879  edits_0000000000000044513-0000000000000044514  edits_0000000000000047558-0000000000000047562 edits_0000000000000041307-0000000000000041311  edits_0000000000000042880-0000000000000042883  edits_0000000000000044515-0000000000000044519  edits_0000000000000047563-0000000000000047570 edits_0000000000000041312-0000000000000041316  edits_0000000000000042884-0000000000000042886  edits_0000000000000044520-0000000000000044524  edits_0000000000000047571-0000000000000047575 edits_0000000000000041317-0000000000000041318  edits_0000000000000042887-0000000000000042891  edits_0000000000000044525-0000000000000044526  edits_0000000000000047576-0000000000000047580 edits_0000000000000041319-0000000000000041323  edits_0000000000000042892-0000000000000042896  edits_0000000000000044527-0000000000000044531  edits_0000000000000047581-0000000000000047588 edits_0000000000000041324-0000000000000041328  edits_0000000000000042897-0000000000000042898  edits_0000000000000044532-0000000000000044536  edits_0000000000000047589-0000000000000047593 edits_0000000000000041329-0000000000000041330  edits_0000000000000042899-0000000000000042903  edits_0000000000000044537-0000000000000044538  edits_0000000000000047594-0000000000000047598 edits_0000000000000041331-0000000000000041335  edits_0000000000000042904-0000000000000042908  edits_0000000000000044539-0000000000000044543  edits_0000000000000047599-0000000000000047603 edits_0000000000000041336-0000000000000041340  edits_0000000000000042909-0000000000000042910  edits_0000000000000044544-0000000000000044548  edits_0000000000000047604-0000000000000047608 edits_0000000000000041341-0000000000000041342  edits_0000000000000042911-0000000000000042915  edits_0000000000000044549-0000000000000044550  edits_0000000000000047609-0000000000000047613 edits_0000000000000041343-0000000000000041347  edits_0000000000000042916-0000000000000042920  edits_0000000000000044551-0000000000000044555  edits_0000000000000047614-0000000000000047621 edits_0000000000000041348-0000000000000041352  edits_0000000000000042921-0000000000000042922  edits_0000000000000044556-0000000000000044560  edits_0000000000000047622-0000000000000047626 edits_0000000000000041353-0000000000000041354  edits_0000000000000042923-0000000000000042927  edits_0000000000000044561-0000000000000044564  edits_0000000000000047627-0000000000000047631 edits_0000000000000041355-0000000000000041359  edits_0000000000000042928-0000000000000042932  edits_0000000000000044565-0000000000000044567  edits_0000000000000047632-0000000000000047639 edits_0000000000000041360-0000000000000041364  edits_0000000000000042933-0000000000000042934  edits_0000000000000044568-0000000000000044572  edits_0000000000000047640-0000000000000047644 edits_0000000000000041365-0000000000000041366  edits_0000000000000042935-0000000000000042939  edits_0000000000000044573-0000000000000044576  edits_0000000000000047645-0000000000000047652 edits_0000000000000041367-0000000000000041371  edits_0000000000000042940-0000000000000042944  edits_0000000000000044577-0000000000000044579  edits_0000000000000047653-0000000000000047657 edits_0000000000000041372-0000000000000041376  edits_0000000000000042945-0000000000000042946  edits_0000000000000044580-0000000000000044584  edits_0000000000000047658-0000000000000047662 edits_0000000000000041377-0000000000000041378  edits_0000000000000042947-0000000000000042951  edits_0000000000000044585-0000000000000044589  edits_0000000000000047663-0000000000000047670 edits_0000000000000041379-0000000000000041383  edits_0000000000000042952-0000000000000042956  edits_0000000000000044590-0000000000000044591  edits_0000000000000047671-0000000000000047675 edits_0000000000000041384-0000000000000041388  edits_0000000000000042957-0000000000000042958  edits_0000000000000044592-0000000000000044596  edits_0000000000000047676-0000000000000047680 edits_0000000000000041389-0000000000000041390  edits_0000000000000042959-0000000000000042963  edits_0000000000000044597-0000000000000044601  edits_0000000000000047681-0000000000000047688 edits_0000000000000041391-0000000000000041395  edits_0000000000000042964-0000000000000042968  edits_0000000000000044602-0000000000000044603  edits_0000000000000047689-0000000000000047693 edits_0000000000000041396-0000000000000041400  edits_0000000000000042969-0000000000000042970  edits_0000000000000044604-0000000000000044608  edits_0000000000000047694-0000000000000047698 edits_0000000000000041401-0000000000000041402  edits_0000000000000042971-0000000000000042975  edits_0000000000000044609-0000000000000044613  edits_0000000000000047699-0000000000000047706 edits_0000000000000041403-0000000000000041407  edits_0000000000000042976-0000000000000042980  edits_0000000000000044614-0000000000000044615  edits_0000000000000047707-0000000000000047711 edits_0000000000000041408-0000000000000041412  edits_0000000000000042981-0000000000000042982  edits_0000000000000044616-0000000000000044620  edits_0000000000000047712-0000000000000047716 edits_0000000000000041413-0000000000000041414  edits_0000000000000042983-0000000000000042987  edits_0000000000000044621-0000000000000044625  edits_0000000000000047717-0000000000000047724 edits_0000000000000041415-0000000000000041419  edits_0000000000000042988-0000000000000042992  edits_0000000000000044626-0000000000000044627  edits_0000000000000047725-0000000000000047729 edits_0000000000000041420-0000000000000041424  edits_0000000000000042993-0000000000000042994  edits_0000000000000044628-0000000000000044632  edits_0000000000000047730-0000000000000047734 edits_0000000000000041425-0000000000000041426  edits_0000000000000042995-0000000000000042999  edits_0000000000000044633-0000000000000044637  edits_0000000000000047735-0000000000000047742 edits_0000000000000041427-0000000000000041431  edits_0000000000000043000-0000000000000043004  edits_0000000000000044638-0000000000000044639  edits_0000000000000047743-0000000000000047747 edits_0000000000000041432-0000000000000041436  edits_0000000000000043005-0000000000000043006  edits_0000000000000044640-0000000000000044644  edits_0000000000000047748-0000000000000047752 edits_0000000000000041437-0000000000000041438  edits_0000000000000043007-0000000000000043011  edits_0000000000000044645-0000000000000044649  edits_0000000000000047753-0000000000000047760 edits_0000000000000041439-0000000000000041443  edits_0000000000000043012-0000000000000043016  edits_0000000000000044650-0000000000000044651  edits_0000000000000047761-0000000000000047765 edits_0000000000000041444-0000000000000041448  edits_0000000000000043017-0000000000000043018  edits_0000000000000044652-0000000000000044656  edits_0000000000000047766-0000000000000047770 edits_0000000000000041449-0000000000000041450  edits_0000000000000043019-0000000000000043023  edits_0000000000000044657-0000000000000044661  edits_0000000000000047771-0000000000000047778 edits_0000000000000041451-0000000000000041455  edits_0000000000000043024-0000000000000043028  edits_0000000000000044662-0000000000000044663  edits_0000000000000047779-0000000000000047783 edits_0000000000000041456-0000000000000041460  edits_0000000000000043029-0000000000000043030  edits_0000000000000044664-0000000000000044668  edits_0000000000000047784-0000000000000047788 edits_0000000000000041461-0000000000000041462  edits_0000000000000043031-0000000000000043035  edits_0000000000000044669-0000000000000044673  edits_0000000000000047789-0000000000000047796 edits_0000000000000041463-0000000000000041467  edits_0000000000000043036-0000000000000043040  edits_0000000000000044674-0000000000000044675  edits_0000000000000047797-0000000000000047801 edits_0000000000000041468-0000000000000041472  edits_0000000000000043041-0000000000000043042  edits_0000000000000044676-0000000000000044680  edits_0000000000000047802-0000000000000047806 edits_0000000000000041473-0000000000000041474  edits_0000000000000043043-0000000000000043047  edits_0000000000000044681-0000000000000044685  edits_0000000000000047807-0000000000000047814 edits_0000000000000041475-0000000000000041479  edits_0000000000000043048-0000000000000043053  edits_0000000000000044686-0000000000000044687  edits_0000000000000047815-0000000000000047819 edits_0000000000000041480-0000000000000041484  edits_0000000000000043054-0000000000000043055  edits_0000000000000044688-0000000000000044692  edits_0000000000000047820-0000000000000047824 edits_0000000000000041485-0000000000000041486  edits_0000000000000043056-0000000000000043060  edits_0000000000000044693-0000000000000044697  edits_0000000000000047825-0000000000000047832 edits_0000000000000041487-0000000000000041491  edits_0000000000000043061-0000000000000043065  edits_0000000000000044698-0000000000000044699  edits_0000000000000047833-0000000000000047837 edits_0000000000000041492-0000000000000041496  edits_0000000000000043066-0000000000000043067  edits_0000000000000044700-0000000000000044704  edits_0000000000000047838-0000000000000047842 edits_0000000000000041497-0000000000000041498  edits_0000000000000043068-0000000000000043072  edits_0000000000000044705-0000000000000044709  edits_0000000000000047843-0000000000000047850 edits_0000000000000041499-0000000000000041503  edits_0000000000000043073-0000000000000043077  edits_0000000000000044710-0000000000000044711  edits_0000000000000047851-0000000000000047855 edits_0000000000000041504-0000000000000041508  edits_0000000000000043078-0000000000000043079  edits_0000000000000044712-0000000000000044716  edits_0000000000000047856-0000000000000047860 edits_0000000000000041509-0000000000000041510  edits_0000000000000043080-0000000000000043084  edits_0000000000000044717-0000000000000044721  edits_0000000000000047861-0000000000000047868 edits_0000000000000041511-0000000000000041515  edits_0000000000000043085-0000000000000043089  edits_0000000000000044722-0000000000000044723  edits_0000000000000047869-0000000000000047873 edits_0000000000000041516-0000000000000041520  edits_0000000000000043090-0000000000000043091  edits_0000000000000044724-0000000000000044728  edits_0000000000000047874-0000000000000047878 edits_0000000000000041521-0000000000000041522  edits_0000000000000043092-0000000000000043096  edits_0000000000000044729-0000000000000044733  edits_0000000000000047879-0000000000000047886 edits_0000000000000041523-0000000000000041527  edits_0000000000000043097-0000000000000043101  edits_0000000000000044734-0000000000000044735  edits_0000000000000047887-0000000000000047891 edits_0000000000000041528-0000000000000041532  edits_0000000000000043102-0000000000000043103  edits_0000000000000044736-0000000000000044740  edits_0000000000000047892-0000000000000047896 edits_0000000000000041533-0000000000000041534  edits_0000000000000043104-0000000000000043108  edits_0000000000000044741-0000000000000044745  edits_0000000000000047897-0000000000000047904 edits_0000000000000041535-0000000000000041539  edits_0000000000000043109-0000000000000043113  edits_0000000000000044746-0000000000000044747  edits_0000000000000047905-0000000000000047909 edits_0000000000000041540-0000000000000041544  edits_0000000000000043114-0000000000000043115  edits_0000000000000044748-0000000000000044752  edits_0000000000000047910-0000000000000047914 edits_0000000000000041545-0000000000000041546  edits_0000000000000043116-0000000000000043120  edits_0000000000000044753-0000000000000044757  edits_0000000000000047915-0000000000000047922 edits_0000000000000041547-0000000000000041551  edits_0000000000000043121-0000000000000043125  edits_0000000000000044758-0000000000000044759  edits_0000000000000047923-0000000000000047927 edits_0000000000000041552-0000000000000041556  edits_0000000000000043126-0000000000000043127  edits_0000000000000044760-0000000000000044764  edits_0000000000000047928-0000000000000047934 edits_0000000000000041557-0000000000000041558  edits_0000000000000043128-0000000000000043132  edits_0000000000000044765-0000000000000044769  edits_0000000000000047935-0000000000000047940 edits_0000000000000041559-0000000000000041563  edits_0000000000000043133-0000000000000043137  edits_0000000000000044770-0000000000000044771  edits_0000000000000047941-0000000000000047945 edits_0000000000000041564-0000000000000041568  edits_0000000000000043138-0000000000000043139  edits_0000000000000044772-0000000000000044776  edits_0000000000000047946-0000000000000047953 edits_0000000000000041569-0000000000000041570  edits_0000000000000043140-0000000000000043144  edits_0000000000000044777-0000000000000044781  edits_0000000000000047954-0000000000000047958 edits_0000000000000041571-0000000000000041575  edits_0000000000000043145-0000000000000043149  edits_0000000000000044782-0000000000000044783  edits_0000000000000047959-0000000000000047963 edits_0000000000000041576-0000000000000041580  edits_0000000000000043150-0000000000000043151  edits_0000000000000044784-0000000000000044788  edits_0000000000000047964-0000000000000047971 edits_0000000000000041581-0000000000000041582  edits_0000000000000043152-0000000000000043156  edits_0000000000000044789-0000000000000044793  edits_0000000000000047972-0000000000000047976 edits_0000000000000041583-0000000000000041587  edits_0000000000000043157-0000000000000043161  edits_0000000000000044794-0000000000000044795  edits_0000000000000047977-0000000000000047981 edits_0000000000000041588-0000000000000041592  edits_0000000000000043162-0000000000000043163  edits_0000000000000044796-0000000000000044800  edits_0000000000000047982-0000000000000047989 edits_0000000000000041593-0000000000000041594  edits_0000000000000043164-0000000000000043168  edits_0000000000000044801-0000000000000044805  edits_0000000000000047990-0000000000000047994 edits_0000000000000041595-0000000000000041599  edits_0000000000000043169-0000000000000043221  edits_0000000000000044806-0000000000000044807  edits_0000000000000047995-0000000000000047999 edits_0000000000000041600-0000000000000041604  edits_0000000000000043222-0000000000000043223  edits_0000000000000044808-0000000000000044812  edits_0000000000000048000-0000000000000048007 edits_0000000000000041605-0000000000000041606  edits_0000000000000043224-0000000000000043228  edits_0000000000000044813-0000000000000044817  edits_0000000000000048008-0000000000000048012 edits_0000000000000041607-0000000000000041611  edits_0000000000000043229-0000000000000043233  edits_0000000000000044818-0000000000000044819  edits_0000000000000048013-0000000000000048017 edits_0000000000000041612-0000000000000041616  edits_0000000000000043234-0000000000000043235  edits_0000000000000044820-0000000000000044824  edits_0000000000000048018-0000000000000048025 edits_0000000000000041617-0000000000000041620  edits_0000000000000043236-0000000000000043240  edits_0000000000000044825-0000000000000044829  edits_0000000000000048026-0000000000000048030 edits_0000000000000041621-0000000000000041623  edits_0000000000000043241-0000000000000043245  edits_0000000000000044830-0000000000000044831  edits_0000000000000048031-0000000000000048035 edits_0000000000000041624-0000000000000041628  edits_0000000000000043246-0000000000000043247  edits_0000000000000044832-0000000000000044836  edits_0000000000000048036-0000000000000048043 edits_0000000000000041629-0000000000000041632  edits_0000000000000043248-0000000000000043252  edits_0000000000000044837-0000000000000044841  edits_0000000000000048044-0000000000000048045 edits_0000000000000041633-0000000000000041635  edits_0000000000000043253-0000000000000043257  edits_0000000000000044842-0000000000000044843  edits_inprogress_0000000000000186075
edits_0000000000000041636-0000000000000041640  edits_0000000000000043258-0000000000000043259  edits_0000000000000044844-0000000000000044848  fsimage_0000000000000173574
edits_0000000000000041641-0000000000000041644  edits_0000000000000043260-0000000000000043264  edits_0000000000000044849-0000000000000044853  fsimage_0000000000000173574.md5
edits_0000000000000041645-0000000000000041647  edits_0000000000000043265-0000000000000043269  edits_0000000000000044854-0000000000000044855  fsimage_0000000000000181084
edits_0000000000000041648-0000000000000041652  edits_0000000000000043270-0000000000000043271  edits_0000000000000044856-0000000000000044860  fsimage_0000000000000181084.md5
edits_0000000000000041653-0000000000000041657  edits_0000000000000043272-0000000000000043276  edits_0000000000000044861-0000000000000044865  seen_txid
edits_0000000000000041658-0000000000000041659  edits_0000000000000043277-0000000000000043281  edits_0000000000000044866-0000000000000044867  VERSION
edits_0000000000000041660-0000000000000041664  edits_0000000000000043282-0000000000000043285  edits_0000000000000044868-0000000000000044872
edits_0000000000000041665-0000000000000041668  edits_0000000000000043286-0000000000000043288  edits_0000000000000044873-0000000000000044877
edits_0000000000000041669-0000000000000041671  edits_0000000000000043289-0000000000000043293  edits_0000000000000044878-0000000000000044879
[root@master1 current]# cd ..
[root@master1 namenode]# ls
current  in_use.lock  namenode-formatted
[root@master1 namenode]# cd ..
[root@master1 hdfs]# ls
namenode
[root@master1 hdfs]# cd namenode
[root@master1 namenode]# ls
current  in_use.lock  namenode-formatted
[root@master1 namenode]# cd ..
[root@master1 hdfs]# ls
namenode
[root@master1 hdfs]# cd ..
[root@master1 hadoop]# ls
hdfs  zookeeper
[root@master1 hadoop]# cd hdfs
[root@master1 hdfs]# ls
namenode
[root@master1 hdfs]# ls
namenode
[root@master1 hdfs]# useradd userA
[root@master1 hdfs]# sudo hdfs
Usage: hdfs [--config confdir] [--loglevel loglevel] COMMAND
       where COMMAND is one of:
  dfs                  run a filesystem command on the file systems supported in Hadoop.
  classpath            prints the classpath
  namenode -format     format the DFS filesystem
  secondarynamenode    run the DFS secondary namenode
  namenode             run the DFS namenode
  journalnode          run the DFS journalnode
  zkfc                 run the ZK Failover Controller daemon
  datanode             run a DFS datanode
  dfsadmin             run a DFS admin client
  haadmin              run a DFS HA admin client
  fsck                 run a DFS filesystem checking utility
  balancer             run a cluster balancing utility
  jmxget               get JMX exported values from NameNode or DataNode.
  mover                run a utility to move block replicas across
                       storage types
  oiv                  apply the offline fsimage viewer to an fsimage
  oiv_legacy           apply the offline fsimage viewer to an legacy fsimage
  oev                  apply the offline edits viewer to an edits file
  fetchdt              fetch a delegation token from the NameNode
  getconf              get config values from configuration
  groups               get the groups which users belong to
  snapshotDiff         diff two snapshots of a directory or diff the
                       current directory contents with a snapshot
  lsSnapshottableDir   list all snapshottable dirs owned by the current user
                                                Use -help to see options
  portmap              run a portmap service
  nfs3                 run an NFS version 3 gateway
  cacheadmin           configure the HDFS cache
  crypto               configure HDFS encryption zones
  storagepolicies      list/get/set block storage policies
  version              print the version

Most commands print help when invoked w/o parameters.
[root@master1 hdfs]# sudo su hdfs
[hdfs@master1 hdfs]$ hdfs dfs -mkdir /assignment1
[hdfs@master1 hdfs]$ cd
[hdfs@master1 ~]$ ls
ml-100k  ml-100k.zip  ml-1m  ml-1m.zip  wc.jar  WordCount.class  WordCount$IntSumReducer.class  WordCount.java  WordCount$TokenizerMapper.class
[hdfs@master1 ~]$ vi ml-1m
[hdfs@master1 ~]$ vi ml-100k
[hdfs@master1 ~]$ vi asign1.txt
[hdfs@master1 ~]$ hdfs dfs -moveFromLocal asign1.txt /assignment1
[hdfs@master1 ~]$ hdfs dfs -ls
Found 1 items
drwx------   - hdfs hdfs          0 2016-04-21 13:04 .staging
[hdfs@master1 ~]$ hdfs dfs -ls /assignment1
Found 1 items
-rw-r--r--   3 hdfs hdfs         51 2016-05-05 10:16 /assignment1/asign1.txt
[hdfs@master1 ~]$ hadoop hdfs -getfacl -R /assignment1
Error: Could not find or load main class hdfs
[hdfs@master1 ~]$ hdfs dfs -getfacl -R /assignment1
# file: /assignment1
# owner: hdfs
# group: hdfs
getfacl: The ACL operation has been rejected.  Support for ACLs has been disabled by setting dfs.namenode.acls.enabled to false.
[hdfs@master1 ~]$ hdfs dfs -setfacl -b user:userA:rwx /assignment1/asign1.txt
-setfacl: Too many arguments
Usage: hadoop fs [generic options] -setfacl [-R] [{-b|-k} {-m|-x <acl_spec>} <path>]|[--set <acl_spec> <path>]
[hdfs@master1 ~]$ hdfs dfs -setfacl -m user:userA:rwx /assignment1/asign1.txt
setfacl: The ACL operation has been rejected.  Support for ACLs has been disabled by setting dfs.namenode.acls.enabled to false.
[hdfs@master1 ~]$ ls
ml-100k  ml-100k.zip  ml-1m  ml-1m.zip  wc.jar  WordCount.class  WordCount$IntSumReducer.class  WordCount.java  WordCount$TokenizerMapper.class
[hdfs@master1 ~]$ locate hdfs-site
/etc/hadoop/2.4.0.0-169/0/hdfs-site.xml
/usr/hdp/2.4.0.0-169/etc/hadoop/conf.empty/hdfs-site.xml
/usr/hdp/2.4.0.0-169/ranger-hdfs-plugin/install/conf.templates/enable/hdfs-site-changes.cfg
/var/lib/ambari-agent/cache/common-services/HDFS/2.1.0.2.0/configuration/hdfs-site.xml
/var/lib/ambari-agent/cache/stacks/HDP/2.0.6.GlusterFS/services/HDFS/configuration/hdfs-site.xml
/var/lib/ambari-agent/cache/stacks/HDP/2.1/services/HDFS/configuration/hdfs-site.xml
/var/lib/ambari-agent/cache/stacks/HDP/2.2/services/HDFS/configuration/hdfs-site.xml
/var/lib/ambari-agent/cache/stacks/HDP/2.3/services/HDFS/configuration/hdfs-site.xml
[hdfs@master1 ~]$ vi /etc/h
hadoop/        hal/           hive/          hive-hcatalog/ hive-webhcat/  host.conf      hosts          hosts.allow    hosts.deny
[hdfs@master1 ~]$ vi /etc/hadoop/2.4.0.0-169/0/hdfs-site.xml
[hdfs@master1 ~]$ vi /etc/hadoop/2.4.0.0-169/0/hdfs-site.xml
[hdfs@master1 ~]$ hdfs dfs -setfacl -m user:userA:rwx /assignment1/asign1.txt
setfacl: The ACL operation has been rejected.  Support for ACLs has been disabled by setting dfs.namenode.acls.enabled to false.
[hdfs@master1 ~]$ service namenode restart
namenode: unrecognized service
[hdfs@master1 ~]$ sudo su hdfs -l -c 'hdfs dfsadmin -safemode enter'

We trust you have received the usual lecture from the local System
Administrator. It usually boils down to these three things:

    #1) Respect the privacy of others.
    #2) Think before you type.
    #3) With great power comes great responsibility.

[sudo] password for hdfs:
Sorry, try again.
[sudo] password for hdfs:
Sorry, try again.
[sudo] password for hdfs:
sudo: 2 incorrect password attempts
[hdfs@master1 ~]$ hdfs dfsadmin -safemode enter
Safe mode is ON in master1.cloudwick.com/10.2.1.217:8020
Safe mode is ON in ambari.cloudwick.com/10.2.1.213:8020
[hdfs@master1 ~]$ hdfs dfsadmin -saveNamespace
Save namespace successful for master1.cloudwick.com/10.2.1.217:8020
Save namespace successful for ambari.cloudwick.com/10.2.1.213:8020
You have mail in /var/spool/mail/root
[hdfs@master1 ~]$ hdfs dfs -setfacl -m user:userA:rwx /assignment1/asign1.txt
setfacl: The ACL operation has been rejected.  Support for ACLs has been disabled by setting dfs.namenode.acls.enabled to false.
[hdfs@master1 ~]$ vi /etc/hadoop/2.4.0.0-169/0/hdfs-site.xml
[hdfs@master1 ~]$ vi /etc/hadoop/2.4.0.0-169/0/hdfs-site.xml
[hdfs@master1 ~]$ Connection reset by 64.62.233.130

desp@des MINGW64 ~
$ ssh openstack
        __                __         _      __
  _____/ /___  __  ______/ /      __(_)____/ /__
 / ___/ / __ \/ / / / __  / | /| / / / ___/ //_/
/ /__/ / /_/ / /_/ / /_/ /| |/ |/ / / /__/ ,<
\___/_/\____/\__,_/\__,_/ |__/|__/_/\___/_/|_|

********************************************************************
*                                                                  *
* This system is for the use of authorized users only.  Usage of   *
* this system may be monitored and recorded by system personnel.   *
*                                                                  *
* Anyone using this system expressly consents to such monitoring   *
* and is advised that if such monitoring reveals possible          *
* evidence of criminal activity, system personnel may provide the  *
* evidence from such monitoring to law enforcement officials.      *
*                                                                  *
********************************************************************
Unauthorized access to this machine is prohibited
Cloudwickworks
Press <Ctrl-D> if you are not an authorized user
Last login: Thu May  5 09:05:06 2016 from 212.20.228.210
-bash-4.1$ ssh master1
Last login: Thu May  5 09:06:06 2016 from 172.16.4.1
[root@master1 ~]# vi /etc/hadoop/2.4.0.0-169/0/hdfs-site.xml
[root@master1 ~]# hdfs dfs -setfacl -m user:userA:rwx /assignment1/asign1.txt
setfacl: The ACL operation has been rejected.  Support for ACLs has been disabled by setting dfs.namenode.acls.enabled to false.
[root@master1 ~]# locate xasecure
[root@master1 ~]# sudo -hdfs hdfs dfsadmin -refreshNodes
sudo: invalid option -- 'd'
usage: sudo [-D level] -h | -K | -k | -V
usage: sudo -v [-AknS] [-D level] [-g groupname|#gid] [-p prompt] [-u user name|#uid]
usage: sudo -l[l] [-AknS] [-D level] [-g groupname|#gid] [-p prompt] [-U user name] [-u user name|#uid] [-g groupname|#gid] [command]
usage: sudo [-AbEHknPS] [-r role] [-t type] [-C fd] [-D level] [-g groupname|#gid] [-p prompt] [-u user name|#uid] [-g groupname|#gid] [VAR=value] [-i|-s] [<command>]
usage: sudo -e [-AknS] [-r role] [-t type] [-C fd] [-D level] [-g groupname|#gid] [-p prompt] [-u user name|#uid] file ...
[root@master1 ~]# sudo -u hdfs hdfs dfsadmin -refreshNodes
Refresh nodes successful for master1.cloudwick.com/10.2.1.217:8020
Refresh nodes successful for ambari.cloudwick.com/10.2.1.213:8020
[root@master1 ~]# vi /etc/hadoop/conf/hdfs-site.xml
[root@master1 ~]# hdfs dfs -setfacl -m user:userA:rwx /assignment1/asign1.txt
setfacl: The ACL operation has been rejected.  Support for ACLs has been disabled by setting dfs.namenode.acls.enabled to false.
[root@master1 ~]# vi /etc/hadoop/conf/hdfs-site.xml
[root@master1 ~]# hdfs dfs -setfacl -m user:userA:rwx /assignment1/asign1.txt
setfacl: The ACL operation has been rejected.  Support for ACLs has been disabled by setting dfs.namenode.acls.enabled to false.
[root@master1 ~]# hdfs dfs -setfacl -m user:userA:rwx /assignment1/asign1.txt
setfacl: The ACL operation has been rejected.  Support for ACLs has been disabled by setting dfs.namenode.acls.enabled to false.
[root@master1 ~]# sudo hdfa
sudo: hdfa: command not found
[root@master1 ~]# sudo hdfs
Usage: hdfs [--config confdir] [--loglevel loglevel] COMMAND
       where COMMAND is one of:
  dfs                  run a filesystem command on the file systems supported in Hadoop.
  classpath            prints the classpath
  namenode -format     format the DFS filesystem
  secondarynamenode    run the DFS secondary namenode
  namenode             run the DFS namenode
  journalnode          run the DFS journalnode
  zkfc                 run the ZK Failover Controller daemon
  datanode             run a DFS datanode
  dfsadmin             run a DFS admin client
  haadmin              run a DFS HA admin client
  fsck                 run a DFS filesystem checking utility
  balancer             run a cluster balancing utility
  jmxget               get JMX exported values from NameNode or DataNode.
  mover                run a utility to move block replicas across
                       storage types
  oiv                  apply the offline fsimage viewer to an fsimage
  oiv_legacy           apply the offline fsimage viewer to an legacy fsimage
  oev                  apply the offline edits viewer to an edits file
  fetchdt              fetch a delegation token from the NameNode
  getconf              get config values from configuration
  groups               get the groups which users belong to
  snapshotDiff         diff two snapshots of a directory or diff the
                       current directory contents with a snapshot
  lsSnapshottableDir   list all snapshottable dirs owned by the current user
                                                Use -help to see options
  portmap              run a portmap service
  nfs3                 run an NFS version 3 gateway
  cacheadmin           configure the HDFS cache
  crypto               configure HDFS encryption zones
  storagepolicies      list/get/set block storage policies
  version              print the version

Most commands print help when invoked w/o parameters.
[root@master1 ~]# sudo -u hdfs
usage: sudo [-D level] -h | -K | -k | -V
usage: sudo -v [-AknS] [-D level] [-g groupname|#gid] [-p prompt] [-u user name|#uid]
usage: sudo -l[l] [-AknS] [-D level] [-g groupname|#gid] [-p prompt] [-U user name] [-u user name|#uid] [-g groupname|#gid] [command]
usage: sudo [-AbEHknPS] [-r role] [-t type] [-C fd] [-D level] [-g groupname|#gid] [-p prompt] [-u user name|#uid] [-g groupname|#gid] [VAR=value] [-i|-s] [<command>]
usage: sudo -e [-AknS] [-r role] [-t type] [-C fd] [-D level] [-g groupname|#gid] [-p prompt] [-u user name|#uid] file ...
[root@master1 ~]# sudo su hdfs
[hdfs@master1 root]$ hdfs dfs -setfacl -m user:userA:rwx /assignment1/asign1.txt
setfacl: The ACL operation has been rejected.  Support for ACLs has been disabled by setting dfs.namenode.acls.enabled to false.
[hdfs@master1 root]$ cd /etc/hadoop/conf/
[hdfs@master1 conf]$ vim ranger-hdfs-security.xml
[hdfs@master1 conf]$ hdfs dfs -setfacl -m user:userA:rwx /assignment1/asign1.txt
setfacl: The ACL operation has been rejected.  Support for ACLs has been disabled by setting dfs.namenode.acls.enabled to false.
[hdfs@master1 conf]$ hdfs dfs -chown userA /assignment1/asign1.txt
[hdfs@master1 conf]$ exit
exit
[root@master1 ~]# groupadd desp
groupadd: group 'desp' already exists
[root@master1 ~]# cat /etc/group | grep desp
desp:x:1003:
[root@master1 ~]# usermod -G desp userA
[root@master1 ~]# cat /etc/group | grep desp
desp:x:1003:userA
[root@master1 ~]# cat /etc/passwd
root:x:0:0:root:/root:/bin/bash
bin:x:1:1:bin:/bin:/sbin/nologin
daemon:x:2:2:daemon:/sbin:/sbin/nologin
adm:x:3:4:adm:/var/adm:/sbin/nologin
lp:x:4:7:lp:/var/spool/lpd:/sbin/nologin
sync:x:5:0:sync:/sbin:/bin/sync
shutdown:x:6:0:shutdown:/sbin:/sbin/shutdown
halt:x:7:0:halt:/sbin:/sbin/halt
mail:x:8:12:mail:/var/spool/mail:/sbin/nologin
uucp:x:10:14:uucp:/var/spool/uucp:/sbin/nologin
operator:x:11:0:operator:/root:/sbin/nologin
games:x:12:100:games:/usr/games:/sbin/nologin
gopher:x:13:30:gopher:/var/gopher:/sbin/nologin
ftp:x:14:50:FTP User:/var/ftp:/sbin/nologin
nobody:x:99:99:Nobody:/:/sbin/nologin
dbus:x:81:81:System message bus:/:/sbin/nologin
vcsa:x:69:69:virtual console memory owner:/dev:/sbin/nologin
abrt:x:173:173::/etc/abrt:/sbin/nologin
haldaemon:x:68:68:HAL daemon:/:/sbin/nologin
ntp:x:38:38::/etc/ntp:/sbin/nologin
saslauth:x:499:76:"Saslauthd user":/var/empty/saslauth:/sbin/nologin
postfix:x:89:89::/var/spool/postfix:/sbin/nologin
sshd:x:74:74:Privilege-separated SSH:/var/empty/sshd:/sbin/nologin
tcpdump:x:72:72::/:/sbin/nologin
hive:x:500:500::/home/hive:/bin/bash
zookeeper:x:501:500::/home/zookeeper:/bin/bash
ams:x:502:500::/home/ams:/bin/bash
oozie:x:503:500::/home/oozie:/bin/bash
ambari-qa:x:1001:500::/home/ambari-qa:/bin/bash
tez:x:505:500::/home/tez:/bin/bash
hdfs:x:506:500::/home/hdfs:/bin/bash
yarn:x:507:500::/home/yarn:/bin/bash
hcat:x:508:500::/home/hcat:/bin/bash
mapred:x:509:500::/home/mapred:/bin/bash
rpc:x:32:32:Rpcbind Daemon:/var/cache/rpcbind:/sbin/nologin
sqoop:x:1002:500::/home/sqoop:/bin/bash
desp:x:1003:1003::/home/desp:/bin/bash
knox:x:1004:500::/home/knox:/bin/bash
ranger:x:1005:500::/home/ranger:/bin/bash
spark:x:1006:500::/home/spark:/bin/bash
userA:x:1007:1007::/home/userA:/bin/bash
[root@master1 ~]# cd /home/desp/
[root@master1 desp]# ls -l
total 0
[root@master1 desp]# cd bin
-bash: cd: bin: No such file or directory
[root@master1 desp]# cd bin/
-bash: cd: bin/: No such file or directory
[root@master1 desp]# sudo -u hdfs hdfs dfs -ls /assignment1
Found 1 items
-rw-r--r--   3 userA hdfs         51 2016-05-05 10:16 /assignment1/asign1.txt
[root@master1 desp]# sudo -u hdfs hdfs dfs -chgrp -R desp /assignment1
[root@master1 desp]# sudo -u hdfs hdfs dfs -ls /assignment1
Found 1 items
-rw-r--r--   3 userA desp         51 2016-05-05 10:16 /assignment1/asign1.txt
[root@master1 desp]# sudo -u hdfs hdfs dfs -ls /
Found 15 items
drwxrwxrwx   - yarn   hadoop          0 2016-04-21 09:48 /app-logs
drwxr-xr-x   - hdfs   hdfs            0 2016-04-12 15:28 /apps
drwxr-xr-x   - hdfs   desp            0 2016-05-05 10:16 /assignment1
drwxr-xr-x   - yarn   hadoop          0 2016-04-12 15:27 /ats
drwxr-xr-x   - hdfs   hdfs            0 2016-04-12 15:28 /hdp
drwxr-xr-x   - mapred hdfs            0 2016-04-12 15:27 /mapred
drwxrwxrwx   - mapred hadoop          0 2016-04-12 15:28 /mr-history
drwxr-xr-x   - hdfs   hdfs            0 2016-04-28 12:03 /ranger
drwxrwxrwx   - spark  hadoop          0 2016-05-05 13:23 /spark-history
drwxr-xr-x   - hdfs   hdfs            0 2016-04-21 09:48 /teragenOut
drwxrwxrwx   - hdfs   hdfs            0 2016-04-28 07:39 /tmp
drwxr-xr-x   - hdfs   hdfs            0 2016-04-30 08:02 /user
drwxr-xr-x   - hdfs   hdfs            0 2016-04-21 09:52 /wc_input
drwxr-xr-x   - hdfs   hdfs            0 2016-04-21 12:51 /wc_input_movies
drwxr-xr-x   - hdfs   hdfs            0 2016-04-21 10:08 /wc_output
[root@master1 desp]# sudo -u hdfs hdfs dfs -chown -R userA /assignment1
[root@master1 desp]# sudo -u hdfs hdfs dfs -ls /
Found 15 items
drwxrwxrwx   - yarn   hadoop          0 2016-04-21 09:48 /app-logs
drwxr-xr-x   - hdfs   hdfs            0 2016-04-12 15:28 /apps
drwxr-xr-x   - userA  desp            0 2016-05-05 10:16 /assignment1
drwxr-xr-x   - yarn   hadoop          0 2016-04-12 15:27 /ats
drwxr-xr-x   - hdfs   hdfs            0 2016-04-12 15:28 /hdp
drwxr-xr-x   - mapred hdfs            0 2016-04-12 15:27 /mapred
drwxrwxrwx   - mapred hadoop          0 2016-04-12 15:28 /mr-history
drwxr-xr-x   - hdfs   hdfs            0 2016-04-28 12:03 /ranger
drwxrwxrwx   - spark  hadoop          0 2016-05-05 13:24 /spark-history
drwxr-xr-x   - hdfs   hdfs            0 2016-04-21 09:48 /teragenOut
drwxrwxrwx   - hdfs   hdfs            0 2016-04-28 07:39 /tmp
drwxr-xr-x   - hdfs   hdfs            0 2016-04-30 08:02 /user
drwxr-xr-x   - hdfs   hdfs            0 2016-04-21 09:52 /wc_input
drwxr-xr-x   - hdfs   hdfs            0 2016-04-21 12:51 /wc_input_movies
drwxr-xr-x   - hdfs   hdfs            0 2016-04-21 10:08 /wc_output
[root@master1 desp]# sudo -u hdfs hdfs dfs -chmod -R 700 userA /assignment1
chmod: `userA': No such file or directory
[root@master1 desp]# sudo -u hdfs hdfs dfs -chmod -R 700 /assignment1
[root@master1 desp]# sudo -u hdfs hdfs dfs -ls /
Found 15 items
drwxrwxrwx   - yarn   hadoop          0 2016-04-21 09:48 /app-logs
drwxr-xr-x   - hdfs   hdfs            0 2016-04-12 15:28 /apps
drwx------   - userA  desp            0 2016-05-05 10:16 /assignment1
drwxr-xr-x   - yarn   hadoop          0 2016-04-12 15:27 /ats
drwxr-xr-x   - hdfs   hdfs            0 2016-04-12 15:28 /hdp
drwxr-xr-x   - mapred hdfs            0 2016-04-12 15:27 /mapred
drwxrwxrwx   - mapred hadoop          0 2016-04-12 15:28 /mr-history
drwxr-xr-x   - hdfs   hdfs            0 2016-04-28 12:03 /ranger
drwxrwxrwx   - spark  hadoop          0 2016-05-05 13:25 /spark-history
drwxr-xr-x   - hdfs   hdfs            0 2016-04-21 09:48 /teragenOut
drwxrwxrwx   - hdfs   hdfs            0 2016-04-28 07:39 /tmp
drwxr-xr-x   - hdfs   hdfs            0 2016-04-30 08:02 /user
drwxr-xr-x   - hdfs   hdfs            0 2016-04-21 09:52 /wc_input
drwxr-xr-x   - hdfs   hdfs            0 2016-04-21 12:51 /wc_input_movies
drwxr-xr-x   - hdfs   hdfs            0 2016-04-21 10:08 /wc_output
[root@master1 desp]# sudo -u user hdfs dfs -ls /
sudo: unknown user: user
sudo: unable to initialize policy plugin
[root@master1 desp]#
[root@master1 desp]# sudo -u userA hdfs dfs -ls /assignment1
Found 1 items
-rwx------   3 userA desp         51 2016-05-05 10:16 /assignment1/asign1.txt
[root@master1 desp]# useradd userB
[root@master1 desp]# sudo -u userB hdfs dfs -ls /assignment1
ls: Permission denied: user=userB, access=READ_EXECUTE, inode="/assignment1":userA:desp:drwx------
[root@master1 desp]# usermod -G desp userB
[root@master1 desp]# cat /etc/group
root:x:0:
bin:x:1:bin,daemon
daemon:x:2:bin,daemon
sys:x:3:bin,adm
adm:x:4:adm,daemon
tty:x:5:
disk:x:6:
lp:x:7:daemon
mem:x:8:
kmem:x:9:
wheel:x:10:
mail:x:12:mail,postfix
uucp:x:14:
man:x:15:
games:x:20:
gopher:x:30:
video:x:39:
dip:x:40:
ftp:x:50:
lock:x:54:
audio:x:63:
nobody:x:99:
users:x:100:oozie,ambari-qa,tez
dbus:x:81:
utmp:x:22:
utempter:x:35:
floppy:x:19:
vcsa:x:69:
abrt:x:173:
cdrom:x:11:
tape:x:33:
dialout:x:18:
haldaemon:x:68:haldaemon
ntp:x:38:
saslauth:x:76:
postdrop:x:90:
postfix:x:89:
stapusr:x:156:
stapsys:x:157:
stapdev:x:158:
sshd:x:74:
tcpdump:x:72:
slocate:x:21:
hadoop:x:500:hive,zookeeper,ams,hdfs,yarn,hcat,mapred,sqoop,knox,spark
hdfs:x:501:hdfs
zookeeper:x:499:
yarn:x:498:
mapred:x:497:
hive:x:496:
rpc:x:32:
sqoop:x:495:
desp:x:1003:userA,userB
knox:x:1004:
ranger:x:1005:ranger
spark:x:1006:
userA:x:1007:
userB:x:1008:
[root@master1 desp]# sudo -u userB hdfs dfs -ls /assignment1
ls: Permission denied: user=userB, access=READ_EXECUTE, inode="/assignment1":userA:desp:drwx------
[root@master1 desp]# sudo -u userA hdfs dfs -chmod -R 770 /assignment1
[root@master1 desp]# sudo -u userB hdfs dfs -ls /assignment1
ls: Permission denied: user=userB, access=READ_EXECUTE, inode="/assignment1":userA:desp:drwxrwx---
[root@master1 desp]# id
uid=0(root) gid=0(root) groups=0(root)
[root@master1 desp]# ps
  PID TTY          TIME CMD
12847 pts/1    00:00:00 bash
24526 pts/1    00:00:00 ps
[root@master1 desp]# ps id
ERROR: Unsupported option (BSD syntax)
********* simple selection *********  ********* selection by list *********
-A all processes                      -C by command name
-N negate selection                   -G by real group ID (supports names)
-a all w/ tty except session leaders  -U by real user ID (supports names)
-d all except session leaders         -g by session OR by effective group name
-e all processes                      -p by process ID
                                      -q by process ID (unsorted & quick)
T  all processes on this terminal     -s processes in the sessions given
a  all w/ tty, including other users  -t by tty
g  OBSOLETE -- DO NOT USE             -u by effective user ID (supports names)
r  only running processes             U  processes for specified users
x  processes w/o controlling ttys     t  by tty
*********** output format **********  *********** long options ***********
-o,o user-defined  -f full            --Group --User --pid --cols --ppid
-j,j job control   s  signal          --group --user --sid --rows --info
-O,O preloaded -o  v  virtual memory  --cumulative --format --deselect
-l,l long          u  user-oriented   --sort --tty --forest --version
-F   extra full    X  registers       --heading --no-heading --context
                                      --quick-pid
                    ********* misc options *********
-V,V  show version      L  list format codes  f  ASCII art forest
-m,m,-L,-T,H  threads   S  children in sum    -y change -l format
-M,Z  security data     c  true command name  -c scheduling class
-w,w  wide output       n  numeric WCHAN,UID  -H process hierarchy
[root@master1 desp]# sudo userB
sudo: userB: command not found
[root@master1 desp]# sudo su userB
[userB@master1 desp]$ hdfs dfs -ls /
Found 15 items
drwxrwxrwx   - yarn   hadoop          0 2016-04-21 09:48 /app-logs
drwxr-xr-x   - hdfs   hdfs            0 2016-04-12 15:28 /apps
drwxrwx---   - userA  desp            0 2016-05-05 10:16 /assignment1
drwxr-xr-x   - yarn   hadoop          0 2016-04-12 15:27 /ats
drwxr-xr-x   - hdfs   hdfs            0 2016-04-12 15:28 /hdp
drwxr-xr-x   - mapred hdfs            0 2016-04-12 15:27 /mapred
drwxrwxrwx   - mapred hadoop          0 2016-04-12 15:28 /mr-history
drwxr-xr-x   - hdfs   hdfs            0 2016-04-28 12:03 /ranger
drwxrwxrwx   - spark  hadoop          0 2016-05-05 13:35 /spark-history
drwxr-xr-x   - hdfs   hdfs            0 2016-04-21 09:48 /teragenOut
drwxrwxrwx   - hdfs   hdfs            0 2016-04-28 07:39 /tmp
drwxr-xr-x   - hdfs   hdfs            0 2016-04-30 08:02 /user
drwxr-xr-x   - hdfs   hdfs            0 2016-04-21 09:52 /wc_input
drwxr-xr-x   - hdfs   hdfs            0 2016-04-21 12:51 /wc_input_movies
drwxr-xr-x   - hdfs   hdfs            0 2016-04-21 10:08 /wc_output
[userB@master1 desp]$ hdfs dfs -ls /assignment1
Found 1 items
-rwxrwx---   3 userA desp         51 2016-05-05 10:16 /assignment1/asign1.txt
[userB@master1 desp]$ hdfs dfs -cat /assignment1/*
This a file which should have 700 access to userA.
[userB@master1 desp]$ exit
exit
[root@master1 desp]# cat /etc/group
root:x:0:
bin:x:1:bin,daemon
daemon:x:2:bin,daemon
sys:x:3:bin,adm
adm:x:4:adm,daemon
tty:x:5:
disk:x:6:
lp:x:7:daemon
mem:x:8:
kmem:x:9:
wheel:x:10:
mail:x:12:mail,postfix
uucp:x:14:
man:x:15:
games:x:20:
gopher:x:30:
video:x:39:
dip:x:40:
ftp:x:50:
lock:x:54:
audio:x:63:
nobody:x:99:
users:x:100:oozie,ambari-qa,tez
dbus:x:81:
utmp:x:22:
utempter:x:35:
floppy:x:19:
vcsa:x:69:
abrt:x:173:
cdrom:x:11:
tape:x:33:
dialout:x:18:
haldaemon:x:68:haldaemon
ntp:x:38:
saslauth:x:76:
postdrop:x:90:
postfix:x:89:
stapusr:x:156:
stapsys:x:157:
stapdev:x:158:
sshd:x:74:
tcpdump:x:72:
slocate:x:21:
hadoop:x:500:hive,zookeeper,ams,hdfs,yarn,hcat,mapred,sqoop,knox,spark
hdfs:x:501:hdfs
zookeeper:x:499:
yarn:x:498:
mapred:x:497:
hive:x:496:
rpc:x:32:
sqoop:x:495:
desp:x:1003:userA,userB
knox:x:1004:
ranger:x:1005:ranger
spark:x:1006:
userA:x:1007:
userB:x:1008:
[root@master1 desp]# cat /etc/group | hdfs
Usage: hdfs [--config confdir] [--loglevel loglevel] COMMAND
       where COMMAND is one of:
  dfs                  run a filesystem command on the file systems supported in Hadoop.
  classpath            prints the classpath
  namenode -format     format the DFS filesystem
  secondarynamenode    run the DFS secondary namenode
  namenode             run the DFS namenode
  journalnode          run the DFS journalnode
  zkfc                 run the ZK Failover Controller daemon
  datanode             run a DFS datanode
  dfsadmin             run a DFS admin client
  haadmin              run a DFS HA admin client
  fsck                 run a DFS filesystem checking utility
  balancer             run a cluster balancing utility
  jmxget               get JMX exported values from NameNode or DataNode.
  mover                run a utility to move block replicas across
                       storage types
  oiv                  apply the offline fsimage viewer to an fsimage
  oiv_legacy           apply the offline fsimage viewer to an legacy fsimage
  oev                  apply the offline edits viewer to an edits file
  fetchdt              fetch a delegation token from the NameNode
  getconf              get config values from configuration
  groups               get the groups which users belong to
  snapshotDiff         diff two snapshots of a directory or diff the
                       current directory contents with a snapshot
  lsSnapshottableDir   list all snapshottable dirs owned by the current user
                                                Use -help to see options
  portmap              run a portmap service
  nfs3                 run an NFS version 3 gateway
  cacheadmin           configure the HDFS cache
  crypto               configure HDFS encryption zones
  storagepolicies      list/get/set block storage policies
  version              print the version

Most commands print help when invoked w/o parameters.
[root@master1 desp]# cat /etc/group | grep hdfs
hadoop:x:500:hive,zookeeper,ams,hdfs,yarn,hcat,mapred,sqoop,knox,spark
hdfs:x:501:hdfs
[root@master1 desp]# sudo -u hdfs hdfs dfs -chgrp -R desp /assignment1